[main 34b69ee] auto: daily backup 2026-07-12
[2026-07-12 23:54] git commit done
[2026-07-12 23:54] push ok
[2026-07-12 23:54] tar backup: /home/minke/backup/wiki-20260712.tar.xz (240K)
[main 8fdbeaf] auto: daily backup 2026-07-13
[2026-07-13 23:47] git commit done
[2026-07-13 23:47] push failed (no network)
[main 516e320] auto: daily backup 2026-07-14
[2026-07-14 23:47] git commit done
[2026-07-14 23:47] push failed (no network)
[main fb40dc8] auto: daily backup 2026-07-15
[2026-07-15 23:47] git commit done
[2026-07-15 23:47] push ok
[main ce7125f] auto: daily backup 2026-07-16
[2026-07-16 23:47] git commit done
[2026-07-16 23:47] push ok
[main 2b21371] auto: daily backup 2026-07-17
[2026-07-17 23:47] git commit done
[2026-07-17 23:47] push ok
[main 267be39] auto: daily backup 2026-07-18
[2026-07-18 23:47] git commit done
[2026-07-18 23:47] push failed (no network)
[main 459dbd6] auto: daily backup 2026-07-19
[2026-07-19 23:47] git commit done
[2026-07-19 23:47] push failed (no network)
[2026-07-19 23:47] tar backup: /home/minke/backup/wiki-20260719.tar.xz (348K)
[main 7981fb1] auto: daily backup 2026-07-20
[2026-07-20 23:47] git commit done
[2026-07-20 23:47] push ok
[main e261640] auto: daily backup 2026-07-21
[2026-07-21 23:47] git commit done
[2026-07-21 23:47] push ok
[main 5b133f0] auto: daily backup 2026-07-22
[2026-07-22 23:47] git commit done
[2026-07-22 23:47] push ok
[main 1e67e7f] auto: daily backup 2026-07-23
[2026-07-23 23:47] git commit done
[2026-07-23 23:47] push ok
[main 1acc074] auto: daily backup 2026-07-24
[2026-07-24 23:47] git commit done
[2026-07-24 23:47] push failed (no network)
[main 79bdfd3] auto: daily backup 2026-07-25
[2026-07-25 23:47] git commit done
[2026-07-25 23:47] push ok
[main 4998278] auto: daily backup 2026-07-26
[2026-07-26 23:47] git commit done
[2026-07-26 23:47] push ok
[2026-07-26 23:47] tar backup: /home/minke/backup/wiki-20260726.tar.xz (356K)
[main e9737be] auto: daily backup 2026-07-27
[2026-07-27 23:47] git commit done
[2026-07-27 23:47] push failed (no network)
[main efefd10] auto: daily backup 2026-07-28
[2026-07-28 23:47] git commit done
[2026-07-28 23:47] push failed (no network)
